// Jest Snapshot v1, https://goo.gl/fbAQLP

exports[`button ui-component button component doesn't have inner text 1`] = `
<button
  className="text text_type_button text_color_primary button undefined false "
  data-testid="submit-button"
  type="button"
>
  <p
    className="text undefined"
  />
</button>
`;

exports[`button ui-component button component has inner text 1`] = `
<button
  className="text text_type_button text_color_primary button undefined false "
  data-testid="submit-button"
  type="button"
>
  <p
    className="text undefined"
  >
    Подтвердить
  </p>
</button>
`;

exports[`button ui-component button is disabled 1`] = `
<button
  className="text text_type_button text_color_primary button undefined false "
  data-testid="submit-button"
  disabled={true}
  type="button"
>
  <p
    className="text undefined"
  />
</button>
`;

exports[`button ui-component button is loading 1`] = `
<button
  className="text text_type_button text_color_primary button undefined loader "
  data-testid="submit-button"
  disabled={true}
  type="button"
>
  <img
    alt="Загрузка."
    className="loader_icon"
    src="loader.svg"
  />
</button>
`;
